2026-08-06 04:54:57,132	INFO worker.py:1814 -- Connecting to existing Ray cluster at address: 10.96.1.12:38963...
2026-08-06 04:54:57,163	INFO worker.py:2003 -- Connected to Ray cluster. View the dashboard at [1m[32mhttp://127.0.0.1:8265 [39m[22m
/usr/local/lib/python3.12/dist-packages/ray/_private/worker.py:2051: FutureWarning: Tip: In future versions of Ray, Ray will no longer override accelerator visible devices env var if num_gpus=0 or num_gpus=None (default). To enable this behavior and turn off this error message, set RAY_ACCEL_ENV_VAR_OVERRIDE_ON_ZERO=0
  warnings.warn(
[mq] depth=0 produced=608 consumed=608 dropped=0 fill_rate=n/a
[rollouter] active_tasks=32 total_generated=610 staleness=66 dropped_stale=0 max_concurrent=32
[mq] depth=0 produced=610 consumed=610 dropped=0 fill_rate=0.192 samples/s
[rollouter] active_tasks=32 total_generated=610 staleness=66 dropped_stale=0 max_concurrent=32
[mq] depth=0 produced=610 consumed=610 dropped=0 fill_rate=0.000 samples/s
[rollouter] active_tasks=32 total_generated=610 staleness=66 dropped_stale=0 max_concurrent=32
[mq] depth=0 produced=610 consumed=610 dropped=0 fill_rate=0.000 samples/s
[rollouter] active_tasks=32 total_generated=610 staleness=66 dropped_stale=0 max_concurrent=32
[mq] depth=0 produced=610 consumed=610 dropped=0 fill_rate=0.000 samples/s
[rollouter] active_tasks=32 total_generated=610 staleness=66 dropped_stale=0 max_concurrent=32
[mq] depth=0 produced=610 consumed=610 dropped=0 fill_rate=0.000 samples/s
[rollouter] active_tasks=32 total_generated=610 staleness=66 dropped_stale=0 max_concurrent=32
[mq] depth=0 produced=610 consumed=610 dropped=0 fill_rate=0.000 samples/s
[rollouter] active_tasks=32 total_generated=610 staleness=66 dropped_stale=0 max_concurrent=32
[mq] depth=0 produced=610 consumed=610 dropped=0 fill_rate=0.000 samples/s
[rollouter] active_tasks=32 total_generated=610 staleness=66 dropped_stale=0 max_concurrent=32
[mq] depth=0 produced=610 consumed=610 dropped=0 fill_rate=0.000 samples/s
[rollouter] active_tasks=32 total_generated=610 staleness=66 dropped_stale=0 max_concurrent=32
[mq] depth=0 produced=610 consumed=610 dropped=0 fill_rate=0.000 samples/s
[rollouter] active_tasks=32 total_generated=610 staleness=66 dropped_stale=0 max_concurrent=32
[mq] depth=0 produced=610 consumed=610 dropped=0 fill_rate=0.000 samples/s
[rollouter] active_tasks=32 total_generated=610 staleness=66 dropped_stale=0 max_concurrent=32
[mq] depth=0 produced=611 consumed=611 dropped=0 fill_rate=0.499 samples/s
[rollouter] active_tasks=32 total_generated=611 staleness=67 dropped_stale=0 max_concurrent=32
[mq] depth=0 produced=611 consumed=611 dropped=0 fill_rate=0.000 samples/s
[rollouter] active_tasks=32 total_generated=611 staleness=67 dropped_stale=0 max_concurrent=32
[mq] depth=0 produced=611 consumed=611 dropped=0 fill_rate=0.000 samples/s
[rollouter] active_tasks=32 total_generated=611 staleness=67 dropped_stale=0 max_concurrent=32
[mq] depth=0 produced=611 consumed=611 dropped=0 fill_rate=0.000 samples/s
[rollouter] active_tasks=32 total_generated=611 staleness=67 dropped_stale=0 max_concurrent=32
[mq] depth=0 produced=611 consumed=611 dropped=0 fill_rate=0.000 samples/s
[rollouter] active_tasks=32 total_generated=611 staleness=67 dropped_stale=0 max_concurrent=32
[mq] depth=0 produced=611 consumed=611 dropped=0 fill_rate=0.000 samples/s
[rollouter] active_tasks=32 total_generated=611 staleness=67 dropped_stale=0 max_concurrent=32
[mq] depth=0 produced=611 consumed=611 dropped=0 fill_rate=0.000 samples/s
[rollouter] active_tasks=32 total_generated=611 staleness=67 dropped_stale=0 max_concurrent=32
[mq] depth=0 produced=611 consumed=611 dropped=0 fill_rate=0.000 samples/s
[rollouter] active_tasks=32 total_generated=611 staleness=67 dropped_stale=0 max_concurrent=32
[mq] depth=0 produced=611 consumed=611 dropped=0 fill_rate=0.000 samples/s
[rollouter] active_tasks=32 total_generated=611 staleness=67 dropped_stale=0 max_concurrent=32
[mq] depth=0 produced=612 consumed=612 dropped=0 fill_rate=0.499 samples/s
[rollouter] active_tasks=32 total_generated=612 staleness=68 dropped_stale=0 max_concurrent=32
[mq] depth=0 produced=612 consumed=612 dropped=0 fill_rate=0.000 samples/s
[rollouter] active_tasks=32 total_generated=612 staleness=68 dropped_stale=0 max_concurrent=32
[mq] depth=0 produced=612 consumed=612 dropped=0 fill_rate=0.000 samples/s
[rollouter] active_tasks=32 total_generated=612 staleness=68 dropped_stale=0 max_concurrent=32
[mq] depth=0 produced=612 consumed=612 dropped=0 fill_rate=0.000 samples/s
[rollouter] active_tasks=32 total_generated=612 staleness=68 dropped_stale=0 max_concurrent=32
[mq] depth=0 produced=612 consumed=612 dropped=0 fill_rate=0.000 samples/s
[rollouter] active_tasks=32 total_generated=612 staleness=68 dropped_stale=0 max_concurrent=32
[mq] depth=0 produced=612 consumed=612 dropped=0 fill_rate=0.000 samples/s
[rollouter] active_tasks=32 total_generated=612 staleness=68 dropped_stale=0 max_concurrent=32
[mq] depth=0 produced=612 consumed=612 dropped=0 fill_rate=0.000 samples/s
[rollouter] active_tasks=32 total_generated=612 staleness=68 dropped_stale=0 max_concurrent=32
[mq] depth=0 produced=612 consumed=612 dropped=0 fill_rate=0.000 samples/s
[rollouter] active_tasks=32 total_generated=612 staleness=68 dropped_stale=0 max_concurrent=32
[mq] depth=0 produced=612 consumed=612 dropped=0 fill_rate=0.000 samples/s
[rollouter] active_tasks=32 total_generated=612 staleness=68 dropped_stale=0 max_concurrent=32
[mq] depth=0 produced=612 consumed=612 dropped=0 fill_rate=0.000 samples/s
[rollouter] active_tasks=32 total_generated=612 staleness=68 dropped_stale=0 max_concurrent=32
[mq] depth=0 produced=612 consumed=612 dropped=0 fill_rate=0.000 samples/s
[rollouter] active_tasks=32 total_generated=612 staleness=68 dropped_stale=0 max_concurrent=32
[mq] depth=0 produced=612 consumed=612 dropped=0 fill_rate=0.000 samples/s
[rollouter] active_tasks=32 total_generated=612 staleness=68 dropped_stale=0 max_concurrent=32
[mq] depth=0 produced=612 consumed=612 dropped=0 fill_rate=0.000 samples/s
[rollouter] active_tasks=32 total_generated=612 staleness=68 dropped_stale=0 max_concurrent=32
[mq] depth=0 produced=612 consumed=612 dropped=0 fill_rate=0.000 samples/s
[rollouter] active_tasks=32 total_generated=612 staleness=68 dropped_stale=0 max_concurrent=32
[mq] depth=0 produced=613 consumed=613 dropped=0 fill_rate=0.499 samples/s
[rollouter] active_tasks=32 total_generated=613 staleness=69 dropped_stale=0 max_concurrent=32
[mq] depth=0 produced=613 consumed=613 dropped=0 fill_rate=0.000 samples/s
[rollouter] active_tasks=32 total_generated=613 staleness=69 dropped_stale=0 max_concurrent=32
[mq] depth=0 produced=613 consumed=613 dropped=0 fill_rate=0.000 samples/s
[rollouter] active_tasks=32 total_generated=613 staleness=69 dropped_stale=0 max_concurrent=32
[mq] depth=0 produced=613 consumed=613 dropped=0 fill_rate=0.000 samples/s
[rollouter] active_tasks=32 total_generated=613 staleness=69 dropped_stale=0 max_concurrent=32
[mq] depth=0 produced=613 consumed=613 dropped=0 fill_rate=0.000 samples/s
[rollouter] active_tasks=32 total_generated=613 staleness=69 dropped_stale=0 max_concurrent=32
[mq] depth=0 produced=613 consumed=613 dropped=0 fill_rate=0.000 samples/s
[rollouter] active_tasks=32 total_generated=613 staleness=69 dropped_stale=0 max_concurrent=32
[mq] depth=0 produced=613 consumed=613 dropped=0 fill_rate=0.000 samples/s
[rollouter] active_tasks=32 total_generated=613 staleness=69 dropped_stale=0 max_concurrent=32
[mq] depth=0 produced=613 consumed=613 dropped=0 fill_rate=0.000 samples/s
[rollouter] active_tasks=32 total_generated=613 staleness=69 dropped_stale=0 max_concurrent=32
[mq] depth=0 produced=613 consumed=613 dropped=0 fill_rate=0.000 samples/s
[rollouter] active_tasks=32 total_generated=613 staleness=69 dropped_stale=0 max_concurrent=32
[mq] depth=0 produced=613 consumed=613 dropped=0 fill_rate=0.000 samples/s
[rollouter] active_tasks=32 total_generated=613 staleness=69 dropped_stale=0 max_concurrent=32
[mq] depth=0 produced=613 consumed=613 dropped=0 fill_rate=0.000 samples/s
[rollouter] active_tasks=32 total_generated=613 staleness=69 dropped_stale=0 max_concurrent=32
[mq] depth=0 produced=613 consumed=613 dropped=0 fill_rate=0.000 samples/s
[rollouter] active_tasks=32 total_generated=613 staleness=69 dropped_stale=0 max_concurrent=32
[mq] depth=0 produced=615 consumed=615 dropped=0 fill_rate=0.998 samples/s
[rollouter] active_tasks=32 total_generated=615 staleness=71 dropped_stale=0 max_concurrent=32
[mq] depth=0 produced=615 consumed=615 dropped=0 fill_rate=0.000 samples/s
[rollouter] active_tasks=32 total_generated=615 staleness=71 dropped_stale=0 max_concurrent=32
[mq] depth=0 produced=616 consumed=616 dropped=0 fill_rate=0.499 samples/s
[rollouter] active_tasks=32 total_generated=616 staleness=72 dropped_stale=0 max_concurrent=32
[mq] depth=0 produced=617 consumed=617 dropped=0 fill_rate=0.499 samples/s
[rollouter] active_tasks=32 total_generated=617 staleness=73 dropped_stale=0 max_concurrent=32
[mq] depth=0 produced=617 consumed=617 dropped=0 fill_rate=0.000 samples/s
[rollouter] active_tasks=32 total_generated=617 staleness=73 dropped_stale=0 max_concurrent=32
[mq] depth=0 produced=617 consumed=617 dropped=0 fill_rate=0.000 samples/s
[rollouter] active_tasks=32 total_generated=617 staleness=73 dropped_stale=0 max_concurrent=32
[mq] depth=0 produced=617 consumed=617 dropped=0 fill_rate=0.000 samples/s
[rollouter] active_tasks=32 total_generated=617 staleness=73 dropped_stale=0 max_concurrent=32
[mq] depth=0 produced=617 consumed=617 dropped=0 fill_rate=0.000 samples/s
[rollouter] active_tasks=32 total_generated=617 staleness=73 dropped_stale=0 max_concurrent=32
[mq] depth=0 produced=617 consumed=617 dropped=0 fill_rate=0.000 samples/s
[rollouter] active_tasks=32 total_generated=617 staleness=73 dropped_stale=0 max_concurrent=32
[mq] depth=0 produced=617 consumed=617 dropped=0 fill_rate=0.000 samples/s
[rollouter] active_tasks=32 total_generated=617 staleness=73 dropped_stale=0 max_concurrent=32
[mq] depth=0 produced=617 consumed=617 dropped=0 fill_rate=0.000 samples/s
[rollouter] active_tasks=32 total_generated=617 staleness=73 dropped_stale=0 max_concurrent=32
[mq] depth=0 produced=617 consumed=617 dropped=0 fill_rate=0.000 samples/s
[rollouter] active_tasks=32 total_generated=617 staleness=73 dropped_stale=0 max_concurrent=32
[mq] depth=0 produced=618 consumed=618 dropped=0 fill_rate=0.499 samples/s
[rollouter] active_tasks=32 total_generated=618 staleness=74 dropped_stale=0 max_concurrent=32
[mq] depth=0 produced=618 consumed=618 dropped=0 fill_rate=0.000 samples/s
[rollouter] active_tasks=32 total_generated=618 staleness=74 dropped_stale=0 max_concurrent=32
[mq] depth=0 produced=619 consumed=619 dropped=0 fill_rate=0.499 samples/s
[rollouter] active_tasks=32 total_generated=619 staleness=75 dropped_stale=0 max_concurrent=32
[mq] depth=0 produced=619 consumed=619 dropped=0 fill_rate=0.000 samples/s
[rollouter] active_tasks=32 total_generated=619 staleness=75 dropped_stale=0 max_concurrent=32
[mq] depth=0 produced=620 consumed=620 dropped=0 fill_rate=0.499 samples/s
[rollouter] active_tasks=32 total_generated=620 staleness=76 dropped_stale=0 max_concurrent=32
[mq] depth=0 produced=620 consumed=620 dropped=0 fill_rate=0.000 samples/s
[rollouter] active_tasks=32 total_generated=620 staleness=76 dropped_stale=0 max_concurrent=32
[mq] depth=0 produced=621 consumed=621 dropped=0 fill_rate=0.499 samples/s
[rollouter] active_tasks=32 total_generated=621 staleness=77 dropped_stale=0 max_concurrent=32
[mq] depth=0 produced=622 consumed=622 dropped=0 fill_rate=0.499 samples/s
[rollouter] active_tasks=32 total_generated=622 staleness=78 dropped_stale=0 max_concurrent=32
[mq] depth=0 produced=622 consumed=622 dropped=0 fill_rate=0.000 samples/s
[rollouter] active_tasks=32 total_generated=622 staleness=78 dropped_stale=0 max_concurrent=32
[mq] depth=0 produced=622 consumed=622 dropped=0 fill_rate=0.000 samples/s
[rollouter] active_tasks=32 total_generated=622 staleness=78 dropped_stale=0 max_concurrent=32
[mq] depth=0 produced=622 consumed=622 dropped=0 fill_rate=0.000 samples/s
[rollouter] active_tasks=32 total_generated=622 staleness=78 dropped_stale=0 max_concurrent=32
[mq] depth=0 produced=622 consumed=622 dropped=0 fill_rate=0.000 samples/s
[rollouter] active_tasks=32 total_generated=622 staleness=78 dropped_stale=0 max_concurrent=32
[mq] depth=0 produced=624 consumed=624 dropped=0 fill_rate=0.998 samples/s
[rollouter] active_tasks=32 total_generated=624 staleness=80 dropped_stale=0 max_concurrent=32
[mq] depth=0 produced=624 consumed=624 dropped=0 fill_rate=0.000 samples/s
[rollouter] active_tasks=32 total_generated=624 staleness=80 dropped_stale=0 max_concurrent=32
[mq] depth=0 produced=624 consumed=624 dropped=0 fill_rate=0.000 samples/s
[rollouter] active_tasks=32 total_generated=624 staleness=80 dropped_stale=0 max_concurrent=32
[mq] depth=0 produced=624 consumed=624 dropped=0 fill_rate=0.000 samples/s
[rollouter] active_tasks=32 total_generated=624 staleness=80 dropped_stale=0 max_concurrent=32
[mq] depth=0 produced=629 consumed=629 dropped=0 fill_rate=2.493 samples/s
[rollouter] active_tasks=32 total_generated=629 staleness=85 dropped_stale=0 max_concurrent=32
[mq] depth=0 produced=631 consumed=631 dropped=0 fill_rate=0.998 samples/s
[rollouter] active_tasks=32 total_generated=631 staleness=87 dropped_stale=0 max_concurrent=32
[mq] depth=0 produced=631 consumed=631 dropped=0 fill_rate=0.000 samples/s
[rollouter] active_tasks=32 total_generated=631 staleness=87 dropped_stale=0 max_concurrent=32
[mq] depth=0 produced=631 consumed=631 dropped=0 fill_rate=0.000 samples/s
*** SIGTERM received at time=1785992261 on cpu 27 ***
PC: @     0x7ba7514d4adf  (unknown)  clock_nanosleep
    @     0x7ba75142d330  (unknown)  (unknown)
    @           0x64ddaa         64  (unknown)
    @           0x5d7dfb        384  _PyEval_EvalFrameDefault
    @           0x5d58bb        128  PyEval_EvalCode
    @           0x608b52         48  (unknown)
    @           0x6b5263         80  (unknown)
    @           0x6b4fca        128  _PyRun_SimpleFileObject
    @           0x6b4dff         64  _PyRun_AnyFileObject
    @           0x6bce65        288  Py_RunMain
    @           0x6bc94d         48  Py_BytesMain
    @     0x7ba7514121ca        160  (unknown)
    @     0x7ba75141228b         96  __libc_start_main
    @           0x657b05  (unknown)  _start
[2026-08-06 04:57:41,917 E 3774975 3774975] logging.cc:474: *** SIGTERM received at time=1785992261 on cpu 27 ***
[2026-08-06 04:57:41,918 E 3774975 3774975] logging.cc:474: PC: @     0x7ba7514d4adf  (unknown)  clock_nanosleep
[2026-08-06 04:57:41,918 E 3774975 3774975] logging.cc:474:     @     0x7ba75142d330  (unknown)  (unknown)
[2026-08-06 04:57:41,918 E 3774975 3774975] logging.cc:474:     @           0x64ddaa         64  (unknown)
[2026-08-06 04:57:41,918 E 3774975 3774975] logging.cc:474:     @           0x5d7dfb        384  _PyEval_EvalFrameDefault
[2026-08-06 04:57:41,918 E 3774975 3774975] logging.cc:474:     @           0x5d58bb        128  PyEval_EvalCode
[2026-08-06 04:57:41,918 E 3774975 3774975] logging.cc:474:     @           0x608b52         48  (unknown)
[2026-08-06 04:57:41,918 E 3774975 3774975] logging.cc:474:     @           0x6b5263         80  (unknown)
[2026-08-06 04:57:41,918 E 3774975 3774975] logging.cc:474:     @           0x6b4fca        128  _PyRun_SimpleFileObject
[2026-08-06 04:57:41,918 E 3774975 3774975] logging.cc:474:     @           0x6b4dff         64  _PyRun_AnyFileObject
[2026-08-06 04:57:41,918 E 3774975 3774975] logging.cc:474:     @           0x6bce65        288  Py_RunMain
[2026-08-06 04:57:41,918 E 3774975 3774975] logging.cc:474:     @           0x6bc94d         48  Py_BytesMain
[2026-08-06 04:57:41,918 E 3774975 3774975] logging.cc:474:     @     0x7ba7514121ca        160  (unknown)
[2026-08-06 04:57:41,918 E 3774975 3774975] logging.cc:474:     @     0x7ba75141228b         96  __libc_start_main
[2026-08-06 04:57:41,918 E 3774975 3774975] logging.cc:474:     @           0x657b05  (unknown)  _start
[rollouter] active_tasks=32 total_generated=631 staleness=87 dropped_stale=0 max_concurrent=32
