2026-08-06 04:20:32,389	INFO worker.py:1814 -- Connecting to existing Ray cluster at address: 10.96.1.12:38963...
2026-08-06 04:20:32,421	INFO worker.py:2003 -- Connected to Ray cluster. View the dashboard at [1m[32mhttp://127.0.0.1:8265 [39m[22m
/usr/local/lib/python3.12/dist-packages/ray/_private/worker.py:2051: FutureWarning: Tip: In future versions of Ray, Ray will no longer override accelerator visible devices env var if num_gpus=0 or num_gpus=None (default). To enable this behavior and turn off this error message, set RAY_ACCEL_ENV_VAR_OVERRIDE_ON_ZERO=0
  warnings.warn(
[mq] depth=0 produced=358 consumed=358 dropped=0 fill_rate=n/a
[rollouter] active_tasks=32 total_generated=359 staleness=71 dropped_stale=0 max_concurrent=32
[mq] depth=0 produced=359 consumed=359 dropped=0 fill_rate=0.095 samples/s
[rollouter] active_tasks=32 total_generated=359 staleness=71 dropped_stale=0 max_concurrent=32
[mq] depth=0 produced=359 consumed=359 dropped=0 fill_rate=0.000 samples/s
[rollouter] active_tasks=32 total_generated=359 staleness=71 dropped_stale=0 max_concurrent=32
[mq] depth=0 produced=360 consumed=360 dropped=0 fill_rate=0.499 samples/s
[rollouter] active_tasks=32 total_generated=360 staleness=72 dropped_stale=0 max_concurrent=32
[mq] depth=0 produced=361 consumed=361 dropped=0 fill_rate=0.499 samples/s
[rollouter] active_tasks=32 total_generated=361 staleness=73 dropped_stale=0 max_concurrent=32
[mq] depth=0 produced=361 consumed=361 dropped=0 fill_rate=0.000 samples/s
[rollouter] active_tasks=32 total_generated=361 staleness=73 dropped_stale=0 max_concurrent=32
[mq] depth=0 produced=361 consumed=361 dropped=0 fill_rate=0.000 samples/s
[rollouter] active_tasks=32 total_generated=361 staleness=73 dropped_stale=0 max_concurrent=32
[mq] depth=0 produced=361 consumed=361 dropped=0 fill_rate=0.000 samples/s
[rollouter] active_tasks=32 total_generated=361 staleness=73 dropped_stale=0 max_concurrent=32
[mq] depth=0 produced=362 consumed=362 dropped=0 fill_rate=0.499 samples/s
[rollouter] active_tasks=32 total_generated=362 staleness=74 dropped_stale=0 max_concurrent=32
[mq] depth=0 produced=362 consumed=362 dropped=0 fill_rate=0.000 samples/s
[rollouter] active_tasks=32 total_generated=362 staleness=74 dropped_stale=0 max_concurrent=32
[mq] depth=0 produced=362 consumed=362 dropped=0 fill_rate=0.000 samples/s
[rollouter] active_tasks=32 total_generated=362 staleness=74 dropped_stale=0 max_concurrent=32
[mq] depth=0 produced=362 consumed=362 dropped=0 fill_rate=0.000 samples/s
[rollouter] active_tasks=32 total_generated=362 staleness=74 dropped_stale=0 max_concurrent=32
[mq] depth=0 produced=362 consumed=362 dropped=0 fill_rate=0.000 samples/s
[rollouter] active_tasks=32 total_generated=362 staleness=74 dropped_stale=0 max_concurrent=32
[mq] depth=0 produced=362 consumed=362 dropped=0 fill_rate=0.000 samples/s
[rollouter] active_tasks=32 total_generated=362 staleness=74 dropped_stale=0 max_concurrent=32
[mq] depth=0 produced=362 consumed=362 dropped=0 fill_rate=0.000 samples/s
[rollouter] active_tasks=32 total_generated=362 staleness=74 dropped_stale=0 max_concurrent=32
[mq] depth=0 produced=362 consumed=362 dropped=0 fill_rate=0.000 samples/s
[rollouter] active_tasks=32 total_generated=362 staleness=74 dropped_stale=0 max_concurrent=32
[mq] depth=0 produced=362 consumed=362 dropped=0 fill_rate=0.000 samples/s
[rollouter] active_tasks=32 total_generated=362 staleness=74 dropped_stale=0 max_concurrent=32
[mq] depth=0 produced=362 consumed=362 dropped=0 fill_rate=0.000 samples/s
[rollouter] active_tasks=32 total_generated=362 staleness=74 dropped_stale=0 max_concurrent=32
[mq] depth=0 produced=363 consumed=363 dropped=0 fill_rate=0.499 samples/s
[rollouter] active_tasks=32 total_generated=363 staleness=75 dropped_stale=0 max_concurrent=32
[mq] depth=0 produced=363 consumed=363 dropped=0 fill_rate=0.000 samples/s
[rollouter] active_tasks=32 total_generated=363 staleness=75 dropped_stale=0 max_concurrent=32
[mq] depth=0 produced=363 consumed=363 dropped=0 fill_rate=0.000 samples/s
[rollouter] active_tasks=32 total_generated=363 staleness=75 dropped_stale=0 max_concurrent=32
[mq] depth=0 produced=363 consumed=363 dropped=0 fill_rate=0.000 samples/s
[rollouter] active_tasks=32 total_generated=363 staleness=75 dropped_stale=0 max_concurrent=32
[mq] depth=0 produced=363 consumed=363 dropped=0 fill_rate=0.000 samples/s
[rollouter] active_tasks=32 total_generated=363 staleness=75 dropped_stale=0 max_concurrent=32
[mq] depth=0 produced=363 consumed=363 dropped=0 fill_rate=0.000 samples/s
[rollouter] active_tasks=32 total_generated=363 staleness=75 dropped_stale=0 max_concurrent=32
[mq] depth=0 produced=363 consumed=363 dropped=0 fill_rate=0.000 samples/s
[rollouter] active_tasks=32 total_generated=363 staleness=75 dropped_stale=0 max_concurrent=32
[mq] depth=0 produced=363 consumed=363 dropped=0 fill_rate=0.000 samples/s
[rollouter] active_tasks=32 total_generated=363 staleness=75 dropped_stale=0 max_concurrent=32
[mq] depth=0 produced=363 consumed=363 dropped=0 fill_rate=0.000 samples/s
[rollouter] active_tasks=32 total_generated=363 staleness=75 dropped_stale=0 max_concurrent=32
[mq] depth=0 produced=363 consumed=363 dropped=0 fill_rate=0.000 samples/s
[rollouter] active_tasks=32 total_generated=363 staleness=75 dropped_stale=0 max_concurrent=32
[mq] depth=0 produced=363 consumed=363 dropped=0 fill_rate=0.000 samples/s
[rollouter] active_tasks=32 total_generated=363 staleness=75 dropped_stale=0 max_concurrent=32
[mq] depth=0 produced=363 consumed=363 dropped=0 fill_rate=0.000 samples/s
[rollouter] active_tasks=32 total_generated=363 staleness=75 dropped_stale=0 max_concurrent=32
[mq] depth=0 produced=364 consumed=364 dropped=0 fill_rate=0.499 samples/s
[rollouter] active_tasks=32 total_generated=364 staleness=76 dropped_stale=0 max_concurrent=32
[mq] depth=0 produced=365 consumed=365 dropped=0 fill_rate=0.499 samples/s
[rollouter] active_tasks=32 total_generated=365 staleness=77 dropped_stale=0 max_concurrent=32
[mq] depth=0 produced=365 consumed=365 dropped=0 fill_rate=0.000 samples/s
[rollouter] active_tasks=32 total_generated=365 staleness=77 dropped_stale=0 max_concurrent=32
[mq] depth=0 produced=366 consumed=366 dropped=0 fill_rate=0.499 samples/s
[rollouter] active_tasks=32 total_generated=366 staleness=78 dropped_stale=0 max_concurrent=32
[mq] depth=0 produced=368 consumed=368 dropped=0 fill_rate=0.998 samples/s
[rollouter] active_tasks=32 total_generated=368 staleness=80 dropped_stale=0 max_concurrent=32
[mq] depth=0 produced=368 consumed=368 dropped=0 fill_rate=0.000 samples/s
[rollouter] active_tasks=32 total_generated=368 staleness=80 dropped_stale=0 max_concurrent=32
[mq] depth=0 produced=368 consumed=368 dropped=0 fill_rate=0.000 samples/s
[rollouter] active_tasks=32 total_generated=368 staleness=80 dropped_stale=0 max_concurrent=32
[mq] depth=0 produced=368 consumed=368 dropped=0 fill_rate=0.000 samples/s
[rollouter] active_tasks=32 total_generated=368 staleness=80 dropped_stale=0 max_concurrent=32
[mq] depth=0 produced=368 consumed=368 dropped=0 fill_rate=0.000 samples/s
[rollouter] active_tasks=32 total_generated=368 staleness=80 dropped_stale=0 max_concurrent=32
[mq] depth=0 produced=368 consumed=368 dropped=0 fill_rate=0.000 samples/s
[rollouter] active_tasks=32 total_generated=368 staleness=80 dropped_stale=0 max_concurrent=32
[mq] depth=0 produced=369 consumed=369 dropped=0 fill_rate=0.499 samples/s
[rollouter] active_tasks=32 total_generated=369 staleness=81 dropped_stale=0 max_concurrent=32
[mq] depth=0 produced=369 consumed=369 dropped=0 fill_rate=0.000 samples/s
[rollouter] active_tasks=32 total_generated=369 staleness=81 dropped_stale=0 max_concurrent=32
[mq] depth=0 produced=370 consumed=370 dropped=0 fill_rate=0.499 samples/s
[rollouter] active_tasks=32 total_generated=370 staleness=82 dropped_stale=0 max_concurrent=32
[mq] depth=0 produced=370 consumed=370 dropped=0 fill_rate=0.000 samples/s
[rollouter] active_tasks=32 total_generated=370 staleness=82 dropped_stale=0 max_concurrent=32
[mq] depth=0 produced=370 consumed=370 dropped=0 fill_rate=0.000 samples/s
[rollouter] active_tasks=32 total_generated=370 staleness=82 dropped_stale=0 max_concurrent=32
[mq] depth=0 produced=370 consumed=370 dropped=0 fill_rate=0.000 samples/s
[rollouter] active_tasks=32 total_generated=370 staleness=82 dropped_stale=0 max_concurrent=32
[mq] depth=0 produced=370 consumed=370 dropped=0 fill_rate=0.000 samples/s
[rollouter] active_tasks=32 total_generated=370 staleness=82 dropped_stale=0 max_concurrent=32
[mq] depth=0 produced=370 consumed=370 dropped=0 fill_rate=0.000 samples/s
[rollouter] active_tasks=32 total_generated=370 staleness=82 dropped_stale=0 max_concurrent=32
[mq] depth=0 produced=370 consumed=370 dropped=0 fill_rate=0.000 samples/s
[rollouter] active_tasks=32 total_generated=370 staleness=82 dropped_stale=0 max_concurrent=32
[mq] depth=0 produced=371 consumed=371 dropped=0 fill_rate=0.499 samples/s
[rollouter] active_tasks=32 total_generated=371 staleness=83 dropped_stale=0 max_concurrent=32
[mq] depth=0 produced=372 consumed=372 dropped=0 fill_rate=0.499 samples/s
[rollouter] active_tasks=32 total_generated=372 staleness=84 dropped_stale=0 max_concurrent=32
[mq] depth=0 produced=373 consumed=373 dropped=0 fill_rate=0.499 samples/s
[rollouter] active_tasks=32 total_generated=373 staleness=85 dropped_stale=0 max_concurrent=32
[mq] depth=0 produced=373 consumed=373 dropped=0 fill_rate=0.000 samples/s
[rollouter] active_tasks=32 total_generated=373 staleness=85 dropped_stale=0 max_concurrent=32
[mq] depth=0 produced=373 consumed=373 dropped=0 fill_rate=0.000 samples/s
[rollouter] active_tasks=32 total_generated=373 staleness=85 dropped_stale=0 max_concurrent=32
[mq] depth=0 produced=373 consumed=373 dropped=0 fill_rate=0.000 samples/s
[rollouter] active_tasks=32 total_generated=373 staleness=85 dropped_stale=0 max_concurrent=32
[mq] depth=0 produced=373 consumed=373 dropped=0 fill_rate=0.000 samples/s
[rollouter] active_tasks=32 total_generated=373 staleness=85 dropped_stale=0 max_concurrent=32
[mq] depth=0 produced=373 consumed=373 dropped=0 fill_rate=0.000 samples/s
[rollouter] active_tasks=32 total_generated=373 staleness=85 dropped_stale=0 max_concurrent=32
[mq] depth=0 produced=373 consumed=373 dropped=0 fill_rate=0.000 samples/s
[rollouter] active_tasks=32 total_generated=373 staleness=85 dropped_stale=0 max_concurrent=32
[mq] depth=0 produced=373 consumed=373 dropped=0 fill_rate=0.000 samples/s
[rollouter] active_tasks=32 total_generated=373 staleness=85 dropped_stale=0 max_concurrent=32
[mq] depth=0 produced=373 consumed=373 dropped=0 fill_rate=0.000 samples/s
[rollouter] active_tasks=32 total_generated=373 staleness=85 dropped_stale=0 max_concurrent=32
[mq] depth=0 produced=373 consumed=373 dropped=0 fill_rate=0.000 samples/s
[rollouter] active_tasks=32 total_generated=373 staleness=85 dropped_stale=0 max_concurrent=32
[mq] depth=0 produced=374 consumed=374 dropped=0 fill_rate=0.499 samples/s
[rollouter] active_tasks=32 total_generated=374 staleness=86 dropped_stale=0 max_concurrent=32
[mq] depth=0 produced=375 consumed=375 dropped=0 fill_rate=0.499 samples/s
*** SIGTERM received at time=1785990167 on cpu 16 ***
PC: @     0x782e96cc9adf  (unknown)  clock_nanosleep
    @     0x782e96c22330  (unknown)  (unknown)
    @           0x64ddaa         64  (unknown)
    @           0x5d7dfb        384  _PyEval_EvalFrameDefault
    @           0x5d58bb        128  PyEval_EvalCode
    @           0x608b52         48  (unknown)
    @           0x6b5263         80  (unknown)
    @           0x6b4fca        128  _PyRun_SimpleFileObject
    @           0x6b4dff         64  _PyRun_AnyFileObject
    @           0x6bce65        288  Py_RunMain
    @           0x6bc94d         48  Py_BytesMain
    @     0x782e96c071ca        160  (unknown)
    @     0x782e96c0728b         96  __libc_start_main
    @           0x657b05  (unknown)  _start
[2026-08-06 04:22:47,145 E 3130749 3130749] logging.cc:474: *** SIGTERM received at time=1785990167 on cpu 16 ***
[2026-08-06 04:22:47,145 E 3130749 3130749] logging.cc:474: PC: @     0x782e96cc9adf  (unknown)  clock_nanosleep
[2026-08-06 04:22:47,145 E 3130749 3130749] logging.cc:474:     @     0x782e96c22330  (unknown)  (unknown)
[2026-08-06 04:22:47,145 E 3130749 3130749] logging.cc:474:     @           0x64ddaa         64  (unknown)
[2026-08-06 04:22:47,145 E 3130749 3130749] logging.cc:474:     @           0x5d7dfb        384  _PyEval_EvalFrameDefault
[2026-08-06 04:22:47,145 E 3130749 3130749] logging.cc:474:     @           0x5d58bb        128  PyEval_EvalCode
[2026-08-06 04:22:47,145 E 3130749 3130749] logging.cc:474:     @           0x608b52         48  (unknown)
[2026-08-06 04:22:47,145 E 3130749 3130749] logging.cc:474:     @           0x6b5263         80  (unknown)
[2026-08-06 04:22:47,145 E 3130749 3130749] logging.cc:474:     @           0x6b4fca        128  _PyRun_SimpleFileObject
[2026-08-06 04:22:47,145 E 3130749 3130749] logging.cc:474:     @           0x6b4dff         64  _PyRun_AnyFileObject
[2026-08-06 04:22:47,145 E 3130749 3130749] logging.cc:474:     @           0x6bce65        288  Py_RunMain
[2026-08-06 04:22:47,145 E 3130749 3130749] logging.cc:474:     @           0x6bc94d         48  Py_BytesMain
[2026-08-06 04:22:47,145 E 3130749 3130749] logging.cc:474:     @     0x782e96c071ca        160  (unknown)
[2026-08-06 04:22:47,145 E 3130749 3130749] logging.cc:474:     @     0x782e96c0728b         96  __libc_start_main
[2026-08-06 04:22:47,145 E 3130749 3130749] logging.cc:474:     @           0x657b05  (unknown)  _start
[rollouter] active_tasks=32 total_generated=375 staleness=87 dropped_stale=0 max_concurrent=32
