2026-08-06 00:16:23,469	INFO worker.py:1814 -- Connecting to existing Ray cluster at address: 10.96.1.11:42225...
2026-08-06 00:16:23,497	INFO worker.py:2003 -- Connected to Ray cluster. View the dashboard at [1m[32mhttp://127.0.0.1:8265 [39m[22m
/usr/local/lib/python3.12/dist-packages/ray/_private/worker.py:2051: FutureWarning: Tip: In future versions of Ray, Ray will no longer override accelerator visible devices env var if num_gpus=0 or num_gpus=None (default). To enable this behavior and turn off this error message, set RAY_ACCEL_ENV_VAR_OVERRIDE_ON_ZERO=0
  warnings.warn(
REMINDER (M1 manual gate): trigger this only while the trainer log shows it is
blocked in gen-wait, i.e. after '[FullyAsyncTrainer] Requesting N samples from queue'
and while 'sample collected i/N' lines are still trickling in.
Safety property if mistimed: the step stalls inside the first CUDA call of the
frozen worker and completes after resume — param_sync cannot start while frozen
(fit_step ordering, fully_async_trainer.py:584-594).
[2026-08-06T00:16:23.550+00:00] [switch-to-rollout] PHASE START get_trainer_pids
[2026-08-06T00:16:23.645+00:00] [switch-to-rollout] PHASE END   get_trainer_pids  (0.096s)
[2026-08-06T00:16:23.645+00:00] [switch-to-rollout] PHASE START nccl_suspend_signal
sent SIGRTMIN+1 ncclCommSuspend (signal 35) to pids=[3717206]
[2026-08-06T00:16:23.645+00:00] [switch-to-rollout] PHASE END   nccl_suspend_signal  (0.000s)
[2026-08-06T00:16:23.645+00:00] [switch-to-rollout] PHASE START nccl_suspend_settle
[2026-08-06T00:16:25.645+00:00] [switch-to-rollout] PHASE END   nccl_suspend_settle  (2.000s)
[2026-08-06T00:16:25.646+00:00] [switch-to-rollout] PHASE START cuda_snapshot_trainer
snapshot job=elastic-trainer pids=[3717206] -> OPERATION_STATUS_COMPLETE in 16858ms
[2026-08-06T00:16:42.702+00:00] [switch-to-rollout] PHASE END   cuda_snapshot_trainer  (17.057s)
[mq] pre-resume depth=0 produced=418 consumed=418 dropped=0 fill_rate=n/a
[2026-08-06T00:16:42.735+00:00] [switch-to-rollout] PHASE START cuda_restore_r2
restore job=elastic-r2 pids=[3712796, 3713317, 3713573] -> OPERATION_STATUS_COMPLETE in 9870ms
[2026-08-06T00:16:52.746+00:00] [switch-to-rollout] PHASE END   cuda_restore_r2  (10.012s)
[2026-08-06T00:16:52.746+00:00] [switch-to-rollout] PHASE START set_global_steps
INFO 08-06 00:17:02 [nixl_utils.py:20] Setting UCX_RCACHE_MAX_UNRELEASED to '1024' to avoid a rare memory leak in UCX when using NIXL.
WARNING 08-06 00:17:02 [nixl_utils.py:34] NIXL is not available
WARNING 08-06 00:17:02 [nixl_utils.py:44] NIXL agent config is not available
R2 global_steps set to current_param_version=6
[2026-08-06T00:17:02.973+00:00] [switch-to-rollout] PHASE END   set_global_steps  (10.226s)
[2026-08-06T00:17:02.973+00:00] [switch-to-rollout] PHASE START clear_kv_cache
[2026-08-06T00:17:02.980+00:00] [switch-to-rollout] PHASE END   clear_kv_cache  (0.007s)
[2026-08-06T00:17:02.980+00:00] [switch-to-rollout] PHASE START resume_generation
[2026-08-06T00:17:02.982+00:00] [switch-to-rollout] PHASE END   resume_generation  (0.001s)
[2026-08-06T00:17:02.982+00:00] [switch-to-rollout] PHASE START lb_add_servers
[2026-08-06T00:17:02.992+00:00] [switch-to-rollout] PHASE END   lb_add_servers  (0.010s)
[2026-08-06T00:17:02.992+00:00] [switch-to-rollout] PHASE START raise_concurrency
[2026-08-06T00:17:03.070+00:00] [switch-to-rollout] PHASE END   raise_concurrency  (0.078s)
[mq] post-resume depth=0 produced=420 consumed=420 dropped=0 fill_rate=0.098 samples/s

=== switch-to-rollout timing breakdown (total 39.523s) ===
  get_trainer_pids                           0.096s
  nccl_suspend_signal                        0.000s
  nccl_suspend_settle                        2.000s
  cuda_snapshot_trainer                     17.057s
  cuda_restore_r2                           10.012s
  set_global_steps                          10.226s
  clear_kv_cache                             0.007s
  resume_generation                          0.001s
  lb_add_servers                             0.010s
  raise_concurrency                          0.078s
appended timing record -> /workspace/results/switch_timings.jsonl
