2026-08-06 00:18:15,749	INFO worker.py:1814 -- Connecting to existing Ray cluster at address: 10.96.1.11:42225...
2026-08-06 00:18:15,787	INFO worker.py:2003 -- Connected to Ray cluster. View the dashboard at [1m[32mhttp://127.0.0.1:8265 [39m[22m
/usr/local/lib/python3.12/dist-packages/ray/_private/worker.py:2051: FutureWarning: Tip: In future versions of Ray, Ray will no longer override accelerator visible devices env var if num_gpus=0 or num_gpus=None (default). To enable this behavior and turn off this error message, set RAY_ACCEL_ENV_VAR_OVERRIDE_ON_ZERO=0
  warnings.warn(
[mq] pre-suspend depth=0 produced=425 consumed=425 dropped=0 fill_rate=n/a
[2026-08-06T00:18:15.999+00:00] [switch-to-trainer] PHASE START lb_remove_servers
[2026-08-06T00:18:16.008+00:00] [switch-to-trainer] PHASE END   lb_remove_servers  (0.009s)
[2026-08-06T00:18:16.008+00:00] [switch-to-trainer] PHASE START restore_base_concurrency
[2026-08-06T00:18:24.591+00:00] [switch-to-trainer] PHASE END   restore_base_concurrency  (8.582s)
[2026-08-06T00:18:24.591+00:00] [switch-to-trainer] PHASE START abort_all_requests
INFO 08-06 00:18:26 [nixl_utils.py:20] Setting UCX_RCACHE_MAX_UNRELEASED to '1024' to avoid a rare memory leak in UCX when using NIXL.
WARNING 08-06 00:18:26 [nixl_utils.py:34] NIXL is not available
WARNING 08-06 00:18:26 [nixl_utils.py:44] NIXL agent config is not available
abort_all_requests -> 85 aborted
[2026-08-06T00:18:27.712+00:00] [switch-to-trainer] PHASE END   abort_all_requests  (3.121s)
[2026-08-06T00:18:27.712+00:00] [switch-to-trainer] PHASE START wait_for_requests_to_drain
[2026-08-06T00:18:27.713+00:00] [switch-to-trainer] PHASE END   wait_for_requests_to_drain  (0.002s)
[2026-08-06T00:18:27.713+00:00] [switch-to-trainer] PHASE START lb_inflight_settle
[mq] drain-poll depth=0 produced=429 consumed=429 dropped=0 fill_rate=0.341 samples/s
[lb] {'servers': {'10.96.1.11:36439': 108}, 'total_inflight': 108, 'active_servers': 1, 'registered_handles': ['10.96.1.11:36439']}
[2026-08-06T00:18:28.716+00:00] [switch-to-trainer] PHASE END   lb_inflight_settle  (1.002s)
[2026-08-06T00:18:28.716+00:00] [switch-to-trainer] PHASE START discover_gpu_pids
[2026-08-06T00:18:28.718+00:00] [switch-to-trainer] PHASE END   discover_gpu_pids  (0.002s)
[2026-08-06T00:18:28.718+00:00] [switch-to-trainer] PHASE START cuda_snapshot_r2
snapshot job=elastic-r2 pids=[3712796, 3713317, 3713573] -> OPERATION_STATUS_COMPLETE in 28225ms
[2026-08-06T00:18:57.759+00:00] [switch-to-trainer] PHASE END   cuda_snapshot_r2  (29.041s)
[mq] post-suspend depth=0 produced=430 consumed=430 dropped=0 fill_rate=0.033 samples/s
[2026-08-06T00:18:57.762+00:00] [switch-to-trainer] PHASE START cuda_restore_trainer
restore job=elastic-trainer pids=[3717206] -> OPERATION_STATUS_COMPLETE in 5688ms
[2026-08-06T00:19:03.771+00:00] [switch-to-trainer] PHASE END   cuda_restore_trainer  (6.009s)
[2026-08-06T00:19:03.771+00:00] [switch-to-trainer] PHASE START nccl_resume_signal
sent SIGRTMIN+2 ncclCommResume (signal 36) to pids=[3717206]
[2026-08-06T00:19:03.771+00:00] [switch-to-trainer] PHASE END   nccl_resume_signal  (0.000s)

=== switch-to-trainer timing breakdown (total 47.931s) ===
  lb_remove_servers                          0.009s
  restore_base_concurrency                   8.582s
  abort_all_requests                         3.121s
  wait_for_requests_to_drain                 0.002s
  lb_inflight_settle                         1.002s
  discover_gpu_pids                          0.002s
  cuda_snapshot_r2                          29.041s
  cuda_restore_trainer                       6.009s
  nccl_resume_signal                         0.000s
appended timing record -> /workspace/results/switch_timings.jsonl
