2026-08-06 00:09:25,640	INFO worker.py:1814 -- Connecting to existing Ray cluster at address: 10.96.1.11:42225...
2026-08-06 00:09:25,668	INFO worker.py:2003 -- Connected to Ray cluster. View the dashboard at [1m[32mhttp://127.0.0.1:8265 [39m[22m
/usr/local/lib/python3.12/dist-packages/ray/_private/worker.py:2051: FutureWarning: Tip: In future versions of Ray, Ray will no longer override accelerator visible devices env var if num_gpus=0 or num_gpus=None (default). To enable this behavior and turn off this error message, set RAY_ACCEL_ENV_VAR_OVERRIDE_ON_ZERO=0
  warnings.warn(
[mq] depth=0 produced=374 consumed=374 dropped=0 fill_rate=n/a
[rollouter] active_tasks=16 total_generated=374 staleness=70 dropped_stale=0 max_concurrent=16
[mq] depth=0 produced=374 consumed=374 dropped=0 fill_rate=0.000 samples/s
[rollouter] active_tasks=16 total_generated=374 staleness=70 dropped_stale=0 max_concurrent=16
[mq] depth=0 produced=374 consumed=374 dropped=0 fill_rate=0.000 samples/s
[rollouter] active_tasks=16 total_generated=374 staleness=70 dropped_stale=0 max_concurrent=16
[mq] depth=0 produced=375 consumed=375 dropped=0 fill_rate=0.499 samples/s
[rollouter] active_tasks=16 total_generated=375 staleness=71 dropped_stale=0 max_concurrent=16
[mq] depth=0 produced=375 consumed=375 dropped=0 fill_rate=0.000 samples/s
[rollouter] active_tasks=16 total_generated=375 staleness=71 dropped_stale=0 max_concurrent=16
[mq] depth=0 produced=375 consumed=375 dropped=0 fill_rate=0.000 samples/s
[rollouter] active_tasks=16 total_generated=375 staleness=71 dropped_stale=0 max_concurrent=16
[mq] depth=0 produced=375 consumed=375 dropped=0 fill_rate=0.000 samples/s
[rollouter] active_tasks=16 total_generated=375 staleness=71 dropped_stale=0 max_concurrent=16
[mq] depth=0 produced=376 consumed=376 dropped=0 fill_rate=0.499 samples/s
[rollouter] active_tasks=16 total_generated=376 staleness=72 dropped_stale=0 max_concurrent=16
[mq] depth=0 produced=376 consumed=376 dropped=0 fill_rate=0.000 samples/s
[rollouter] active_tasks=16 total_generated=376 staleness=72 dropped_stale=0 max_concurrent=16
[mq] depth=0 produced=376 consumed=376 dropped=0 fill_rate=0.000 samples/s
[rollouter] active_tasks=16 total_generated=376 staleness=72 dropped_stale=0 max_concurrent=16
[mq] depth=0 produced=376 consumed=376 dropped=0 fill_rate=0.000 samples/s
[rollouter] active_tasks=16 total_generated=376 staleness=72 dropped_stale=0 max_concurrent=16
[mq] depth=0 produced=376 consumed=376 dropped=0 fill_rate=0.000 samples/s
[rollouter] active_tasks=16 total_generated=376 staleness=72 dropped_stale=0 max_concurrent=16
[mq] depth=0 produced=376 consumed=376 dropped=0 fill_rate=0.000 samples/s
[rollouter] active_tasks=16 total_generated=376 staleness=72 dropped_stale=0 max_concurrent=16
[mq] depth=0 produced=376 consumed=376 dropped=0 fill_rate=0.000 samples/s
[rollouter] active_tasks=16 total_generated=376 staleness=72 dropped_stale=0 max_concurrent=16
[mq] depth=0 produced=376 consumed=376 dropped=0 fill_rate=0.000 samples/s
[rollouter] active_tasks=16 total_generated=376 staleness=72 dropped_stale=0 max_concurrent=16
[mq] depth=0 produced=377 consumed=377 dropped=0 fill_rate=0.499 samples/s
[rollouter] active_tasks=16 total_generated=377 staleness=73 dropped_stale=0 max_concurrent=16
[mq] depth=0 produced=377 consumed=377 dropped=0 fill_rate=0.000 samples/s
[rollouter] active_tasks=16 total_generated=377 staleness=73 dropped_stale=0 max_concurrent=16
[mq] depth=0 produced=377 consumed=377 dropped=0 fill_rate=0.000 samples/s
[rollouter] active_tasks=16 total_generated=377 staleness=73 dropped_stale=0 max_concurrent=16
[mq] depth=0 produced=377 consumed=377 dropped=0 fill_rate=0.000 samples/s
[rollouter] active_tasks=16 total_generated=377 staleness=73 dropped_stale=0 max_concurrent=16
[mq] depth=0 produced=378 consumed=378 dropped=0 fill_rate=0.499 samples/s
[rollouter] active_tasks=16 total_generated=378 staleness=74 dropped_stale=0 max_concurrent=16
[mq] depth=0 produced=378 consumed=378 dropped=0 fill_rate=0.000 samples/s
[rollouter] active_tasks=16 total_generated=378 staleness=74 dropped_stale=0 max_concurrent=16
[mq] depth=0 produced=378 consumed=378 dropped=0 fill_rate=0.000 samples/s
[rollouter] active_tasks=16 total_generated=378 staleness=74 dropped_stale=0 max_concurrent=16
[mq] depth=0 produced=379 consumed=379 dropped=0 fill_rate=0.499 samples/s
[rollouter] active_tasks=16 total_generated=379 staleness=75 dropped_stale=0 max_concurrent=16
[mq] depth=0 produced=379 consumed=379 dropped=0 fill_rate=0.000 samples/s
[rollouter] active_tasks=16 total_generated=379 staleness=75 dropped_stale=0 max_concurrent=16
[mq] depth=0 produced=379 consumed=379 dropped=0 fill_rate=0.000 samples/s
[rollouter] active_tasks=16 total_generated=379 staleness=75 dropped_stale=0 max_concurrent=16
[mq] depth=0 produced=379 consumed=379 dropped=0 fill_rate=0.000 samples/s
[rollouter] active_tasks=16 total_generated=379 staleness=75 dropped_stale=0 max_concurrent=16
[mq] depth=0 produced=379 consumed=379 dropped=0 fill_rate=0.000 samples/s
[rollouter] active_tasks=16 total_generated=379 staleness=75 dropped_stale=0 max_concurrent=16
[mq] depth=0 produced=380 consumed=380 dropped=0 fill_rate=0.499 samples/s
[rollouter] active_tasks=16 total_generated=380 staleness=76 dropped_stale=0 max_concurrent=16
[mq] depth=0 produced=380 consumed=380 dropped=0 fill_rate=0.000 samples/s
[rollouter] active_tasks=16 total_generated=380 staleness=76 dropped_stale=0 max_concurrent=16
[mq] depth=0 produced=380 consumed=380 dropped=0 fill_rate=0.000 samples/s
[rollouter] active_tasks=16 total_generated=380 staleness=76 dropped_stale=0 max_concurrent=16
[mq] depth=0 produced=380 consumed=380 dropped=0 fill_rate=0.000 samples/s
[rollouter] active_tasks=16 total_generated=380 staleness=76 dropped_stale=0 max_concurrent=16
[mq] depth=0 produced=380 consumed=380 dropped=0 fill_rate=0.000 samples/s
[rollouter] active_tasks=16 total_generated=380 staleness=76 dropped_stale=0 max_concurrent=16
[mq] depth=0 produced=380 consumed=380 dropped=0 fill_rate=0.000 samples/s
[rollouter] active_tasks=16 total_generated=380 staleness=76 dropped_stale=0 max_concurrent=16
[mq] depth=0 produced=380 consumed=380 dropped=0 fill_rate=0.000 samples/s
[rollouter] active_tasks=16 total_generated=380 staleness=76 dropped_stale=0 max_concurrent=16
[mq] depth=0 produced=380 consumed=380 dropped=0 fill_rate=0.000 samples/s
[rollouter] active_tasks=16 total_generated=380 staleness=76 dropped_stale=0 max_concurrent=16
[mq] depth=0 produced=380 consumed=380 dropped=0 fill_rate=0.000 samples/s
[rollouter] active_tasks=16 total_generated=380 staleness=76 dropped_stale=0 max_concurrent=16
[mq] depth=0 produced=380 consumed=380 dropped=0 fill_rate=0.000 samples/s
[rollouter] active_tasks=16 total_generated=380 staleness=76 dropped_stale=0 max_concurrent=16
[mq] depth=0 produced=381 consumed=381 dropped=0 fill_rate=0.499 samples/s
[rollouter] active_tasks=16 total_generated=381 staleness=77 dropped_stale=0 max_concurrent=16
[mq] depth=0 produced=381 consumed=381 dropped=0 fill_rate=0.000 samples/s
[rollouter] active_tasks=16 total_generated=381 staleness=77 dropped_stale=0 max_concurrent=16
[mq] depth=0 produced=381 consumed=381 dropped=0 fill_rate=0.000 samples/s
[rollouter] active_tasks=16 total_generated=381 staleness=77 dropped_stale=0 max_concurrent=16
[mq] depth=0 produced=381 consumed=381 dropped=0 fill_rate=0.000 samples/s
[rollouter] active_tasks=16 total_generated=381 staleness=77 dropped_stale=0 max_concurrent=16
[mq] depth=0 produced=382 consumed=382 dropped=0 fill_rate=0.499 samples/s
[rollouter] active_tasks=16 total_generated=382 staleness=78 dropped_stale=0 max_concurrent=16
[mq] depth=0 produced=382 consumed=382 dropped=0 fill_rate=0.000 samples/s
[rollouter] active_tasks=16 total_generated=382 staleness=78 dropped_stale=0 max_concurrent=16
[mq] depth=0 produced=382 consumed=382 dropped=0 fill_rate=0.000 samples/s
[rollouter] active_tasks=16 total_generated=382 staleness=78 dropped_stale=0 max_concurrent=16
[mq] depth=0 produced=382 consumed=382 dropped=0 fill_rate=0.000 samples/s
[rollouter] active_tasks=16 total_generated=382 staleness=78 dropped_stale=0 max_concurrent=16
[mq] depth=0 produced=382 consumed=382 dropped=0 fill_rate=0.000 samples/s
[rollouter] active_tasks=16 total_generated=382 staleness=78 dropped_stale=0 max_concurrent=16
[mq] depth=0 produced=382 consumed=382 dropped=0 fill_rate=0.000 samples/s
[rollouter] active_tasks=16 total_generated=382 staleness=78 dropped_stale=0 max_concurrent=16
[mq] depth=0 produced=382 consumed=382 dropped=0 fill_rate=0.000 samples/s
[rollouter] active_tasks=16 total_generated=382 staleness=78 dropped_stale=0 max_concurrent=16
[mq] depth=0 produced=383 consumed=383 dropped=0 fill_rate=0.499 samples/s
[rollouter] active_tasks=16 total_generated=383 staleness=79 dropped_stale=0 max_concurrent=16
[mq] depth=0 produced=383 consumed=383 dropped=0 fill_rate=0.000 samples/s
[rollouter] active_tasks=16 total_generated=383 staleness=79 dropped_stale=0 max_concurrent=16
[mq] depth=0 produced=383 consumed=383 dropped=0 fill_rate=0.000 samples/s
[rollouter] active_tasks=16 total_generated=383 staleness=79 dropped_stale=0 max_concurrent=16
[mq] depth=0 produced=383 consumed=383 dropped=0 fill_rate=0.000 samples/s
[rollouter] active_tasks=16 total_generated=383 staleness=79 dropped_stale=0 max_concurrent=16
[mq] depth=0 produced=383 consumed=383 dropped=0 fill_rate=0.000 samples/s
[rollouter] active_tasks=16 total_generated=383 staleness=79 dropped_stale=0 max_concurrent=16
[mq] depth=0 produced=384 consumed=384 dropped=0 fill_rate=0.499 samples/s
[rollouter] active_tasks=16 total_generated=384 staleness=80 dropped_stale=0 max_concurrent=16
[mq] depth=1 produced=385 consumed=384 dropped=0 fill_rate=0.499 samples/s
[rollouter] active_tasks=16 total_generated=385 staleness=81 dropped_stale=0 max_concurrent=16
[mq] depth=1 produced=385 consumed=384 dropped=0 fill_rate=0.000 samples/s
[rollouter] active_tasks=16 total_generated=385 staleness=81 dropped_stale=0 max_concurrent=16
[mq] depth=3 produced=387 consumed=384 dropped=0 fill_rate=0.998 samples/s
[rollouter] active_tasks=16 total_generated=387 staleness=83 dropped_stale=0 max_concurrent=16
[mq] depth=3 produced=387 consumed=384 dropped=0 fill_rate=0.000 samples/s
[rollouter] active_tasks=16 total_generated=387 staleness=83 dropped_stale=0 max_concurrent=16
[mq] depth=3 produced=387 consumed=384 dropped=0 fill_rate=0.000 samples/s
[rollouter] active_tasks=16 total_generated=387 staleness=83 dropped_stale=0 max_concurrent=16
[mq] depth=4 produced=388 consumed=384 dropped=0 fill_rate=0.499 samples/s
[rollouter] active_tasks=16 total_generated=388 staleness=84 dropped_stale=0 max_concurrent=16
