[cr-shim] PID 1596781: ready (suspend=sig35, resume=sig36)
2026-08-08 05:46:04,085	INFO worker.py:1814 -- Connecting to existing Ray cluster at address: 10.96.0.9:42897...
2026-08-08 05:46:04,115	INFO worker.py:2003 -- Connected to Ray cluster. View the dashboard at [1m[32mhttp://127.0.0.1:8265 [39m[22m
/usr/local/lib/python3.12/dist-packages/ray/_private/worker.py:2051: FutureWarning: Tip: In future versions of Ray, Ray will no longer override accelerator visible devices env var if num_gpus=0 or num_gpus=None (default). To enable this behavior and turn off this error message, set RAY_ACCEL_ENV_VAR_OVERRIDE_ON_ZERO=0
  warnings.warn(
[2026-08-08T05:46:04.182+00:00] [policy] waiting for steady state (>= 3 param syncs)...
[33m(raylet)[0m [cr-shim] PID 1596872: ready (suspend=sig35, resume=sig36)
[33m(raylet)[0m [cr-shim] PID 1597873: ready (suspend=sig35, resume=sig36)[32m [repeated 23x across cluster] (Ray deduplicates logs by default. Set RAY_DEDUP_LOGS=0 to disable log deduplication, or see https://docs.ray.io/en/master/ray-observability/user-guides/configure-logging.html#log-deduplication for more options.)[0m
[33m(raylet)[0m [cr-shim] PID 1601902: ready (suspend=sig35, resume=sig36)[32m [repeated 3x across cluster][0m
[33m(raylet)[0m [cr-shim] PID 1602427: ready (suspend=sig35, resume=sig36)[32m [repeated 3x across cluster][0m
[33m(raylet)[0m [cr-shim] PID 1603259: ready (suspend=sig35, resume=sig36)[32m [repeated 3x across cluster][0m
[2026-08-08T05:50:19.187+00:00] [policy] steady state: 3 param syncs, version=2
[2026-08-08T05:50:19.187+00:00] [policy] waiting for agent job elastic-trainer RUNNING (operator relabel)...
[2026-08-08T05:50:19.227+00:00] [policy] agent jobs: {'elastic-trainer': 'JOB_STATE_RUNNING', 'elastic-r2': 'JOB_STATE_SAVED'} — elastic-trainer RUNNING confirmed
[2026-08-08T05:50:19.227+00:00] [policy] entering poll loop (dry-run for 2 steps, auto_live=True)
[2026-08-08T05:50:19.227+00:00] [policy] PROGRESS mode=dry state=TRAINER_ACTIVE sim=TRAINER_ACTIVE tick=0 decisions=2 would_in/back=0/0 live_in/back=0/0 cycles_verified=0 param_syncs=3 steps=1 last_action=dry_run_start@2026-08-08T05:50:19.227+00:00
[2026-08-08T05:52:14.821+00:00] [policy] auto-live held: 3 dry steps done but 0 would-in decisions yet (need >=1 for alignment; failsafe at 4 steps)
[2026-08-08T05:52:16.827+00:00] [policy] auto-live held: 3 dry steps done but 0 would-in decisions yet (need >=1 for alignment; failsafe at 4 steps)
[2026-08-08T05:52:18.833+00:00] [policy] auto-live held: 3 dry steps done but 0 would-in decisions yet (need >=1 for alignment; failsafe at 4 steps)
[2026-08-08T05:52:20.838+00:00] [policy] auto-live held: 3 dry steps done but 0 would-in decisions yet (need >=1 for alignment; failsafe at 4 steps)
[2026-08-08T05:52:22.843+00:00] [policy] auto-live held: 3 dry steps done but 0 would-in decisions yet (need >=1 for alignment; failsafe at 4 steps)
[2026-08-08T05:52:24.848+00:00] [policy] auto-live held: 3 dry steps done but 0 would-in decisions yet (need >=1 for alignment; failsafe at 4 steps)
[2026-08-08T05:52:26.853+00:00] [policy] auto-live held: 3 dry steps done but 0 would-in decisions yet (need >=1 for alignment; failsafe at 4 steps)
[2026-08-08T05:52:28.858+00:00] [policy] auto-live held: 3 dry steps done but 0 would-in decisions yet (need >=1 for alignment; failsafe at 4 steps)
[2026-08-08T05:52:30.864+00:00] [policy] auto-live held: 3 dry steps done but 0 would-in decisions yet (need >=1 for alignment; failsafe at 4 steps)
[2026-08-08T05:52:32.870+00:00] [policy] auto-live held: 3 dry steps done but 0 would-in decisions yet (need >=1 for alignment; failsafe at 4 steps)
[2026-08-08T05:52:34.876+00:00] [policy] auto-live held: 3 dry steps done but 0 would-in decisions yet (need >=1 for alignment; failsafe at 4 steps)
[2026-08-08T05:52:36.880+00:00] [policy] auto-live held: 3 dry steps done but 0 would-in decisions yet (need >=1 for alignment; failsafe at 4 steps)
[2026-08-08T05:52:38.885+00:00] [policy] auto-live held: 3 dry steps done but 0 would-in decisions yet (need >=1 for alignment; failsafe at 4 steps)
[2026-08-08T05:52:40.890+00:00] [policy] auto-live held: 3 dry steps done but 0 would-in decisions yet (need >=1 for alignment; failsafe at 4 steps)
[2026-08-08T05:52:42.895+00:00] [policy] auto-live held: 3 dry steps done but 0 would-in decisions yet (need >=1 for alignment; failsafe at 4 steps)
[2026-08-08T05:52:44.901+00:00] [policy] auto-live held: 3 dry steps done but 0 would-in decisions yet (need >=1 for alignment; failsafe at 4 steps)
[2026-08-08T05:52:46.906+00:00] [policy] auto-live held: 3 dry steps done but 0 would-in decisions yet (need >=1 for alignment; failsafe at 4 steps)
[2026-08-08T05:52:48.911+00:00] [policy] auto-live held: 3 dry steps done but 0 would-in decisions yet (need >=1 for alignment; failsafe at 4 steps)
[2026-08-08T05:52:50.916+00:00] [policy] auto-live held: 3 dry steps done but 0 would-in decisions yet (need >=1 for alignment; failsafe at 4 steps)
[2026-08-08T05:52:52.921+00:00] [policy] auto-live held: 3 dry steps done but 0 would-in decisions yet (need >=1 for alignment; failsafe at 4 steps)
[2026-08-08T05:52:54.926+00:00] [policy] LIVE mode enabled after 4 dry-run steps (would_in=0, would_back=0, via=auto_failsafe_no_would_in)
[2026-08-08T06:00:20.041+00:00] [policy] PROGRESS mode=live state=TRAINER_ACTIVE sim=TRAINER_ACTIVE tick=296 decisions=298 would_in/back=0/0 live_in/back=0/0 cycles_verified=0 param_syncs=17 steps=15 last_action=mode_change@2026-08-08T05:52:54.926+00:00
[2026-08-08T06:10:21.599+00:00] [policy] PROGRESS mode=live state=TRAINER_ACTIVE sim=TRAINER_ACTIVE tick=596 decisions=598 would_in/back=0/0 live_in/back=0/0 cycles_verified=0 param_syncs=31 steps=29 last_action=mode_change@2026-08-08T05:52:54.926+00:00
[2026-08-08T06:20:23.108+00:00] [policy] PROGRESS mode=live state=TRAINER_ACTIVE sim=TRAINER_ACTIVE tick=896 decisions=898 would_in/back=0/0 live_in/back=0/0 cycles_verified=0 param_syncs=45 steps=43 last_action=mode_change@2026-08-08T05:52:54.926+00:00
[2026-08-08T06:30:24.618+00:00] [policy] PROGRESS mode=live state=TRAINER_ACTIVE sim=TRAINER_ACTIVE tick=1196 decisions=1198 would_in/back=0/0 live_in/back=0/0 cycles_verified=0 param_syncs=59 steps=57 last_action=mode_change@2026-08-08T05:52:54.926+00:00
[2026-08-08T06:40:26.134+00:00] [policy] PROGRESS mode=live state=TRAINER_ACTIVE sim=TRAINER_ACTIVE tick=1496 decisions=1498 would_in/back=0/0 live_in/back=0/0 cycles_verified=0 param_syncs=73 steps=71 last_action=mode_change@2026-08-08T05:52:54.926+00:00
[2026-08-08T06:45:40.917+00:00] [policy] stop flag seen; exiting cleanly
[33m(raylet)[0m [cr-shim] PID 1603271: ready (suspend=sig35, resume=sig36)[32m [repeated 5x across cluster][0m
policy controller exited rc=0
