================================================================================
DISAGG SYNC RL — SQUARE WAVE ANALYSIS
================================================================================
GPUs: 8, Duration: 2602s (43.4min)
Expected: GPUs 0-3 = sampler pool, GPUs 4-7 = trainer pool


--- Sampler (GPUs 0-3) ---
 GPU  Mean%   Idle%   Busy%  AvgPwr  BusyPhases  AvgBusy  IdlePhases  AvgIdle
------------------------------------------------------------------------------------------
   0  77.2%  21.1%  78.6%    548W           4   515.1s           4   135.2s
   1  77.4%  21.1%  78.8%    548W           5   413.3s           5   107.0s
   2  77.4%  20.9%  78.9%    551W           5   413.0s           5   107.1s
   3  77.3%  21.0%  78.7%    553W           5   413.0s           5   107.2s

--- Trainer (GPUs 4-7) ---
 GPU  Mean%   Idle%   Busy%  AvgPwr  BusyPhases  AvgBusy  IdlePhases  AvgIdle
------------------------------------------------------------------------------------------
   4  45.6%  54.3%  45.5%    378W           1  1252.1s           2   675.1s
   5  45.6%  54.2%  45.5%    374W           1  1252.3s           2   675.0s
   6  45.6%  54.1%  45.6%    377W           1  1254.0s           2   674.2s
   7  45.7%  54.2%  45.6%    377W           1  1254.8s           2   673.8s

================================================================================
SQUARE WAVE DETECTION
================================================================================
Anti-correlated (one busy, other idle): 59.3%
Both idle:                              7.8%
Both busy:                              32.4%

SQUARE WAVE DETECTED — pools alternate busy/idle.
TIME-SLICING OPPORTUNITY: HIGH
